{"speaker":{"FREDERICK RYAN JR., WASHINGTON POST PUBLISHER":["Mr. Trump, welcome to the Washington Post..."],"RYAN":["Thank you… We’ve heard you’re going to be announcing your foreign policy team shortly..."],"FRED HIATT, WASHINGTON POST EDITORIAL PAGE EDITOR":["Do you want to start out?"],"DONALD TRUMP":["Well, I hadn’t thought of doing it, but if you want I can give you some of the names..."]},"order":["FREDERICK RYAN JR., WASHINGTON POST PUBLISHER","DONALD TRUMP","RYAN","DONALD TRUMP","FRED HIATT, WASHINGTON POST EDITORIAL PAGE EDITOR"]}